<?xml version="1.0" encoding="UTF-8"?>
<TestRun id="94b4bbcb-52ff-4a57-bc69-1bc2c1abbd68" name="cjones9@SW-GBHA-TDSD095 2010-03-24 18:48:10" runUser="EMEA\cjones9" xmlns="http://microsoft.com/schemas/VisualStudio/TeamTest/2006">
  <TestRunConfiguration name="Local Test Run" id="1da33c47-155a-482f-8daf-30cc6f6cb7d1">
    <Description>This is a default test run configuration for a local test run.</Description>
    <Deployment runDeploymentRoot="C:\Documents and Settings\cjones\My Documents\Project SPICE\Disney.Spice.POUI\TestResults\cjones9_SW-GBHA-TDSD095 2010-03-24 18_48_10">
      <DeploymentItem filename="C:\iDash\nunit.framework.dll" />
    </Deployment>
    <TestTypeSpecific />
  </TestRunConfiguration>
  <ResultSummary outcome="Completed">
    <Counters total="2" executed="2" passed="2" error="0" failed="0" timeout="0" aborted="0" inconclusive="0" passedButRunAborted="0" notRunnable="0" notExecuted="0" disconnected="0" warning="0" completed="0" inProgress="0" pending="0" />
  </ResultSummary>
  <Times creation="2010-03-24T18:48:10.1704473+00:00" queuing="2010-03-24T18:48:10.5766947+00:00" start="2010-03-24T18:48:10.6079445+00:00" finish="2010-03-24T18:48:10.8110682+00:00" />
  <TestDefinitions>
    <UnitTest name="TestMethod1" storage="c:\documents and settings\cjones\my documents\project spice\testpoui\bin\debug\testpoui.dll" id="14ac971d-3ef3-39d6-926c-e0881460b365">
      <Css projectStructure="" iteration="" />
      <Owners>
        <Owner name="" />
      </Owners>
      <Execution id="46148bce-58b1-41f2-a8d9-b7809d6868d3" />
      <TestMethod codeBase="C:\Documents and Settings\cjones\My Documents\Project SPICE\TestPOUI\bin\Debug\TestPOUI.dll" adapterTypeName="Microsoft.VisualStudio.TestTools.TestTypes.Unit.UnitTestAdapter, Microsoft.VisualStudio.QualityTools.Tips.UnitTest.Adapter, Version=9.0.0.0, Culture=neutral, PublicKeyToken=b03f5f7f11d50a3a" className="TestPOUI.UnitTest1, TestPOUI" name="TestMethod1" />
    </UnitTest>
    <OrderedTest name="OrderedTest1" storage="c:\documents and settings\cjones\my documents\project spice\testpoui\orderedtest1.orderedtest" id="8ac28a59-faf3-4baf-b141-96e01a2f37ef">
      <Css projectStructure="" iteration="" />
      <Execution timeOut="2147483647" id="1fbf7466-3a2f-421f-a621-8ae226659ddf" />
      <Owners>
        <Owner name="" />
      </Owners>
    </OrderedTest>
  </TestDefinitions>
  <TestLists>
    <TestList name="Results Not in a List" id="8c84fa94-04c1-424b-9868-57a2d4851a1d" />
    <TestList name="All Loaded Results" id="19431567-8539-422a-85d7-44ee4e166bda" />
  </TestLists>
  <TestEntries>
    <TestEntry testId="14ac971d-3ef3-39d6-926c-e0881460b365" executionId="46148bce-58b1-41f2-a8d9-b7809d6868d3" testListId="8c84fa94-04c1-424b-9868-57a2d4851a1d" />
    <TestEntry isTransparent="false" testId="8ac28a59-faf3-4baf-b141-96e01a2f37ef" executionId="1fbf7466-3a2f-421f-a621-8ae226659ddf" testListId="8c84fa94-04c1-424b-9868-57a2d4851a1d" />
  </TestEntries>
  <Results>
    <UnitTestResult executionId="46148bce-58b1-41f2-a8d9-b7809d6868d3" testId="14ac971d-3ef3-39d6-926c-e0881460b365" testName="TestMethod1" computerName="SW-GBHA-TDSD095" duration="00:00:00.0003718" startTime="2010-03-24T18:48:10.6235694+00:00" endTime="2010-03-24T18:48:10.7485686+00:00" testType="13cdc9d9-ddb5-4fa4-a97d-d965ccfc6d4b" outcome="Passed" testListId="8c84fa94-04c1-424b-9868-57a2d4851a1d">
      <Output>
      </Output>
    </UnitTestResult>
    <TestResultAggregation executionId="1fbf7466-3a2f-421f-a621-8ae226659ddf" testId="8ac28a59-faf3-4baf-b141-96e01a2f37ef" testName="OrderedTest1" computerName="SW-GBHA-TDSD095" duration="00:00:00" startTime="2010-03-24T18:48:10.7954433+00:00" endTime="2010-03-24T18:48:10.7954433+00:00" testType="ec4800e8-40e5-4ab3-8510-b8bf29b1904d" outcome="Passed" testListId="8c84fa94-04c1-424b-9868-57a2d4851a1d">
    </TestResultAggregation>
  </Results>
</TestRun>